../Core/Src/main.c:90:6:set_forward_dir	1
../Core/Src/main.c:97:6:set_backward_dir	1
../Core/Src/main.c:104:6:set_left_dir	1
../Core/Src/main.c:111:6:set_right_dir	1
../Core/Src/main.c:118:6:set_ccw_dir	1
../Core/Src/main.c:125:6:set_cw_dir	1
../Core/Src/main.c:132:6:move	2
../Core/Src/main.c:151:6:move_forward	1
../Core/Src/main.c:155:6:move_backward	1
../Core/Src/main.c:159:6:move_left	1
../Core/Src/main.c:163:6:move_right	1
../Core/Src/main.c:167:6:move_ccw	1
../Core/Src/main.c:171:6:move_cw	1
../Core/Src/main.c:181:5:main	1
../Core/Src/main.c:238:6:SystemClock_Config	3
../Core/Src/main.c:285:13:MX_USART2_UART_Init	2
../Core/Src/main.c:318:13:MX_GPIO_Init	1
../Core/Src/main.c:371:6:Error_Handler	1
